Archive member included to satisfy reference by file (symbol)

c:/program files (x86)/atmel/studio/7.0/toolchain/avr8/avr8-gnu-toolchain/bin/../lib/gcc/avr/5.4.0/avr5\libgcc.a(_udivmodsi4.o)
                              US_prog.o (__udivmodsi4)
c:/program files (x86)/atmel/studio/7.0/toolchain/avr8/avr8-gnu-toolchain/bin/../lib/gcc/avr/5.4.0/avr5\libgcc.a(_exit.o)
                              c:/program files (x86)/atmel/studio/7.0/toolchain/avr8/avr8-gnu-toolchain/bin/../lib/gcc/avr/5.4.0/../../../../avr/lib/avr5/crtatmega32.o (exit)
c:/program files (x86)/atmel/studio/7.0/toolchain/avr8/avr8-gnu-toolchain/bin/../lib/gcc/avr/5.4.0/avr5\libgcc.a(_copy_data.o)
                              main.o (__do_copy_data)
c:/program files (x86)/atmel/studio/7.0/toolchain/avr8/avr8-gnu-toolchain/bin/../lib/gcc/avr/5.4.0/avr5\libgcc.a(_clear_bss.o)
                              EXTI_program.o (__do_clear_bss)

Allocating common symbols
Common symbol       size              file

distance            0x4               US_prog.o
i                   0x1               Servo_prog.o

Discarded input sections

 .data          0x00000000        0x0 c:/program files (x86)/atmel/studio/7.0/toolchain/avr8/avr8-gnu-toolchain/bin/../lib/gcc/avr/5.4.0/../../../../avr/lib/avr5/crtatmega32.o
 .bss           0x00000000        0x0 c:/program files (x86)/atmel/studio/7.0/toolchain/avr8/avr8-gnu-toolchain/bin/../lib/gcc/avr/5.4.0/../../../../avr/lib/avr5/crtatmega32.o
 .text          0x00000000        0x0 DIO_program.o
 .data          0x00000000        0x0 DIO_program.o
 .bss           0x00000000        0x0 DIO_program.o
 .text.DIO_GetPinValue
                0x00000000       0xa4 DIO_program.o
 .text.DIO_togglePinValue
                0x00000000       0x70 DIO_program.o
 .text.DIO_SetInputPinResistance
                0x00000000       0x70 DIO_program.o
 .text.DIO_setPortDirection
                0x00000000       0x50 DIO_program.o
 .text.DIO_setPortValue
                0x00000000       0x24 DIO_program.o
 .text.DIO_GetPortValue
                0x00000000       0x3a DIO_program.o
 .text.DIO_togglePortValue
                0x00000000       0x34 DIO_program.o
 .text.DIO_SetInputPortResistance
                0x00000000       0x2c DIO_program.o
 .text          0x00000000        0x0 EXTI_program.o
 .data          0x00000000        0x0 EXTI_program.o
 .bss           0x00000000        0x0 EXTI_program.o
 .text.EXTI_disable
                0x00000000       0x24 EXTI_program.o
 .text.EXTI_INT0SetCallBack
                0x00000000        0xe EXTI_program.o
 .text          0x00000000        0x0 GI_program.o
 .data          0x00000000        0x0 GI_program.o
 .bss           0x00000000        0x0 GI_program.o
 .text.GI_disable
                0x00000000        0x8 GI_program.o
 .text          0x00000000        0x0 Hbridge_prog.o
 .data          0x00000000        0x0 Hbridge_prog.o
 .bss           0x00000000        0x0 Hbridge_prog.o
 .text          0x00000000        0x0 LCD_program.o
 .data          0x00000000        0x0 LCD_program.o
 .bss           0x00000000        0x0 LCD_program.o
 .text.LCD_shift
                0x00000000       0x34 LCD_program.o
 .text          0x00000000        0x0 main.o
 .data          0x00000000        0x0 main.o
 .bss           0x00000000        0x0 main.o
 .text          0x00000000        0x0 Servo_prog.o
 .data          0x00000000        0x0 Servo_prog.o
 .bss           0x00000000        0x0 Servo_prog.o
 .text          0x00000000        0x0 TMR_program.o
 .data          0x00000000        0x0 TMR_program.o
 .bss           0x00000000        0x0 TMR_program.o
 .text.TMR_timer0Stop
                0x00000000       0x14 TMR_program.o
 .text.TMR_timer0_OVF_SetCallBack
                0x00000000        0x2 TMR_program.o
 .text.TMR_timer0_SetOCR0
                0x00000000        0x4 TMR_program.o
 .text.TMR_timer0_CTC_SetCallBack
                0x00000000        0xe TMR_program.o
 .text.TMR_timer1Init
                0x00000000       0x26 TMR_program.o
 .text.TMR_timer1Start
                0x00000000       0x14 TMR_program.o
 .text.TMR_timer1Stop
                0x00000000       0x14 TMR_program.o
 .text.TMR_timer1_SetOCR1A
                0x00000000        0x6 TMR_program.o
 .text.TMR_ICU_init
                0x00000000       0x38 TMR_program.o
 .text.TMR_timer2Init
                0x00000000       0x1a TMR_program.o
 .text.TMR_timer2Start
                0x00000000       0x14 TMR_program.o
 .text.TMR_timer2Stop
                0x00000000       0x14 TMR_program.o
 .text.TMR_timer2_SetOCR2
                0x00000000        0x4 TMR_program.o
 .text          0x00000000        0x0 US_prog.o
 .data          0x00000000        0x0 US_prog.o
 .bss           0x00000000        0x0 US_prog.o
 .bss.counter   0x00000000        0x2 US_prog.o
 .text          0x00000000        0x0 c:/program files (x86)/atmel/studio/7.0/toolchain/avr8/avr8-gnu-toolchain/bin/../lib/gcc/avr/5.4.0/avr5\libgcc.a(_udivmodsi4.o)
 .data          0x00000000        0x0 c:/program files (x86)/atmel/studio/7.0/toolchain/avr8/avr8-gnu-toolchain/bin/../lib/gcc/avr/5.4.0/avr5\libgcc.a(_udivmodsi4.o)
 .bss           0x00000000        0x0 c:/program files (x86)/atmel/studio/7.0/toolchain/avr8/avr8-gnu-toolchain/bin/../lib/gcc/avr/5.4.0/avr5\libgcc.a(_udivmodsi4.o)
 .text.libgcc.mul
                0x00000000        0x0 c:/program files (x86)/atmel/studio/7.0/toolchain/avr8/avr8-gnu-toolchain/bin/../lib/gcc/avr/5.4.0/avr5\libgcc.a(_udivmodsi4.o)
 .text.libgcc   0x00000000        0x0 c:/program files (x86)/atmel/studio/7.0/toolchain/avr8/avr8-gnu-toolchain/bin/../lib/gcc/avr/5.4.0/avr5\libgcc.a(_udivmodsi4.o)
 .text.libgcc.prologue
                0x00000000        0x0 c:/program files (x86)/atmel/studio/7.0/toolchain/avr8/avr8-gnu-toolchain/bin/../lib/gcc/avr/5.4.0/avr5\libgcc.a(_udivmodsi4.o)
 .text.libgcc.builtins
                0x00000000        0x0 c:/program files (x86)/atmel/studio/7.0/toolchain/avr8/avr8-gnu-toolchain/bin/../lib/gcc/avr/5.4.0/avr5\libgcc.a(_udivmodsi4.o)
 .text.libgcc.fmul
                0x00000000        0x0 c:/program files (x86)/atmel/studio/7.0/toolchain/avr8/avr8-gnu-toolchain/bin/../lib/gcc/avr/5.4.0/avr5\libgcc.a(_udivmodsi4.o)
 .text.libgcc.fixed
                0x00000000        0x0 c:/program files (x86)/atmel/studio/7.0/toolchain/avr8/avr8-gnu-toolchain/bin/../lib/gcc/avr/5.4.0/avr5\libgcc.a(_udivmodsi4.o)
 .text          0x00000000        0x0 c:/program files (x86)/atmel/studio/7.0/toolchain/avr8/avr8-gnu-toolchain/bin/../lib/gcc/avr/5.4.0/avr5\libgcc.a(_exit.o)
 .data          0x00000000        0x0 c:/program files (x86)/atmel/studio/7.0/toolchain/avr8/avr8-gnu-toolchain/bin/../lib/gcc/avr/5.4.0/avr5\libgcc.a(_exit.o)
 .bss           0x00000000        0x0 c:/program files (x86)/atmel/studio/7.0/toolchain/avr8/avr8-gnu-toolchain/bin/../lib/gcc/avr/5.4.0/avr5\libgcc.a(_exit.o)
 .text.libgcc.mul
                0x00000000        0x0 c:/program files (x86)/atmel/studio/7.0/toolchain/avr8/avr8-gnu-toolchain/bin/../lib/gcc/avr/5.4.0/avr5\libgcc.a(_exit.o)
 .text.libgcc.div
                0x00000000        0x0 c:/program files (x86)/atmel/studio/7.0/toolchain/avr8/avr8-gnu-toolchain/bin/../lib/gcc/avr/5.4.0/avr5\libgcc.a(_exit.o)
 .text.libgcc   0x00000000        0x0 c:/program files (x86)/atmel/studio/7.0/toolchain/avr8/avr8-gnu-toolchain/bin/../lib/gcc/avr/5.4.0/avr5\libgcc.a(_exit.o)
 .text.libgcc.prologue
                0x00000000        0x0 c:/program files (x86)/atmel/studio/7.0/toolchain/avr8/avr8-gnu-toolchain/bin/../lib/gcc/avr/5.4.0/avr5\libgcc.a(_exit.o)
 .text.libgcc.builtins
                0x00000000        0x0 c:/program files (x86)/atmel/studio/7.0/toolchain/avr8/avr8-gnu-toolchain/bin/../lib/gcc/avr/5.4.0/avr5\libgcc.a(_exit.o)
 .text.libgcc.fmul
                0x00000000        0x0 c:/program files (x86)/atmel/studio/7.0/toolchain/avr8/avr8-gnu-toolchain/bin/../lib/gcc/avr/5.4.0/avr5\libgcc.a(_exit.o)
 .text.libgcc.fixed
                0x00000000        0x0 c:/program files (x86)/atmel/studio/7.0/toolchain/avr8/avr8-gnu-toolchain/bin/../lib/gcc/avr/5.4.0/avr5\libgcc.a(_exit.o)
 .text          0x00000000        0x0 c:/program files (x86)/atmel/studio/7.0/toolchain/avr8/avr8-gnu-toolchain/bin/../lib/gcc/avr/5.4.0/avr5\libgcc.a(_copy_data.o)
 .data          0x00000000        0x0 c:/program files (x86)/atmel/studio/7.0/toolchain/avr8/avr8-gnu-toolchain/bin/../lib/gcc/avr/5.4.0/avr5\libgcc.a(_copy_data.o)
 .bss           0x00000000        0x0 c:/program files (x86)/atmel/studio/7.0/toolchain/avr8/avr8-gnu-toolchain/bin/../lib/gcc/avr/5.4.0/avr5\libgcc.a(_copy_data.o)
 .text.libgcc.mul
                0x00000000        0x0 c:/program files (x86)/atmel/studio/7.0/toolchain/avr8/avr8-gnu-toolchain/bin/../lib/gcc/avr/5.4.0/avr5\libgcc.a(_copy_data.o)
 .text.libgcc.div
                0x00000000        0x0 c:/program files (x86)/atmel/studio/7.0/toolchain/avr8/avr8-gnu-toolchain/bin/../lib/gcc/avr/5.4.0/avr5\libgcc.a(_copy_data.o)
 .text.libgcc   0x00000000        0x0 c:/program files (x86)/atmel/studio/7.0/toolchain/avr8/avr8-gnu-toolchain/bin/../lib/gcc/avr/5.4.0/avr5\libgcc.a(_copy_data.o)
 .text.libgcc.prologue
                0x00000000        0x0 c:/program files (x86)/atmel/studio/7.0/toolchain/avr8/avr8-gnu-toolchain/bin/../lib/gcc/avr/5.4.0/avr5\libgcc.a(_copy_data.o)
 .text.libgcc.builtins
                0x00000000        0x0 c:/program files (x86)/atmel/studio/7.0/toolchain/avr8/avr8-gnu-toolchain/bin/../lib/gcc/avr/5.4.0/avr5\libgcc.a(_copy_data.o)
 .text.libgcc.fmul
                0x00000000        0x0 c:/program files (x86)/atmel/studio/7.0/toolchain/avr8/avr8-gnu-toolchain/bin/../lib/gcc/avr/5.4.0/avr5\libgcc.a(_copy_data.o)
 .text.libgcc.fixed
                0x00000000        0x0 c:/program files (x86)/atmel/studio/7.0/toolchain/avr8/avr8-gnu-toolchain/bin/../lib/gcc/avr/5.4.0/avr5\libgcc.a(_copy_data.o)
 .text          0x00000000        0x0 c:/program files (x86)/atmel/studio/7.0/toolchain/avr8/avr8-gnu-toolchain/bin/../lib/gcc/avr/5.4.0/avr5\libgcc.a(_clear_bss.o)
 .data          0x00000000        0x0 c:/program files (x86)/atmel/studio/7.0/toolchain/avr8/avr8-gnu-toolchain/bin/../lib/gcc/avr/5.4.0/avr5\libgcc.a(_clear_bss.o)
 .bss           0x00000000        0x0 c:/program files (x86)/atmel/studio/7.0/toolchain/avr8/avr8-gnu-toolchain/bin/../lib/gcc/avr/5.4.0/avr5\libgcc.a(_clear_bss.o)
 .text.libgcc.mul
                0x00000000        0x0 c:/program files (x86)/atmel/studio/7.0/toolchain/avr8/avr8-gnu-toolchain/bin/../lib/gcc/avr/5.4.0/avr5\libgcc.a(_clear_bss.o)
 .text.libgcc.div
                0x00000000        0x0 c:/program files (x86)/atmel/studio/7.0/toolchain/avr8/avr8-gnu-toolchain/bin/../lib/gcc/avr/5.4.0/avr5\libgcc.a(_clear_bss.o)
 .text.libgcc   0x00000000        0x0 c:/program files (x86)/atmel/studio/7.0/toolchain/avr8/avr8-gnu-toolchain/bin/../lib/gcc/avr/5.4.0/avr5\libgcc.a(_clear_bss.o)
 .text.libgcc.prologue
                0x00000000        0x0 c:/program files (x86)/atmel/studio/7.0/toolchain/avr8/avr8-gnu-toolchain/bin/../lib/gcc/avr/5.4.0/avr5\libgcc.a(_clear_bss.o)
 .text.libgcc.builtins
                0x00000000        0x0 c:/program files (x86)/atmel/studio/7.0/toolchain/avr8/avr8-gnu-toolchain/bin/../lib/gcc/avr/5.4.0/avr5\libgcc.a(_clear_bss.o)
 .text.libgcc.fmul
                0x00000000        0x0 c:/program files (x86)/atmel/studio/7.0/toolchain/avr8/avr8-gnu-toolchain/bin/../lib/gcc/avr/5.4.0/avr5\libgcc.a(_clear_bss.o)
 .text.libgcc.fixed
                0x00000000        0x0 c:/program files (x86)/atmel/studio/7.0/toolchain/avr8/avr8-gnu-toolchain/bin/../lib/gcc/avr/5.4.0/avr5\libgcc.a(_clear_bss.o)

Memory Configuration

Name             Origin             Length             Attributes
text             0x00000000         0x00008000         xr
data             0x00800060         0x00000800         rw !x
eeprom           0x00810000         0x00000400         rw !x
fuse             0x00820000         0x00000002         rw !x
lock             0x00830000         0x00000400         rw !x
signature        0x00840000         0x00000400         rw !x
user_signatures  0x00850000         0x00000400         rw !x
*default*        0x00000000         0xffffffff

Linker script and memory map

LOAD c:/program files (x86)/atmel/studio/7.0/toolchain/avr8/avr8-gnu-toolchain/bin/../lib/gcc/avr/5.4.0/../../../../avr/lib/avr5/crtatmega32.o
LOAD DIO_program.o
LOAD EXTI_program.o
LOAD GI_program.o
LOAD Hbridge_prog.o
LOAD LCD_program.o
LOAD main.o
LOAD Servo_prog.o
LOAD TMR_program.o
LOAD US_prog.o
START GROUP
LOAD c:/program files (x86)/atmel/studio/7.0/toolchain/avr8/avr8-gnu-toolchain/bin/../lib/gcc/avr/5.4.0/../../../../avr/lib/avr5\libm.a
END GROUP
START GROUP
LOAD c:/program files (x86)/atmel/studio/7.0/toolchain/avr8/avr8-gnu-toolchain/bin/../lib/gcc/avr/5.4.0/avr5\libgcc.a
LOAD c:/program files (x86)/atmel/studio/7.0/toolchain/avr8/avr8-gnu-toolchain/bin/../lib/gcc/avr/5.4.0/../../../../avr/lib/avr5\libm.a
LOAD c:/program files (x86)/atmel/studio/7.0/toolchain/avr8/avr8-gnu-toolchain/bin/../lib/gcc/avr/5.4.0/../../../../avr/lib/avr5\libc.a
LOAD c:/program files (x86)/atmel/studio/7.0/toolchain/avr8/avr8-gnu-toolchain/bin/../lib/gcc/avr/5.4.0/../../../../avr/lib/avr5\libatmega32.a
END GROUP
                0x00000000                __TEXT_REGION_ORIGIN__ = DEFINED (__TEXT_REGION_ORIGIN__)?__TEXT_REGION_ORIGIN__:0x0
                [0x00800060]                __DATA_REGION_ORIGIN__ = DEFINED (__DATA_REGION_ORIGIN__)?__DATA_REGION_ORIGIN__:0x800060
                [0x00008000]                __TEXT_REGION_LENGTH__ = DEFINED (__TEXT_REGION_LENGTH__)?__TEXT_REGION_LENGTH__:0x20000
                [0x00000800]                __DATA_REGION_LENGTH__ = DEFINED (__DATA_REGION_LENGTH__)?__DATA_REGION_LENGTH__:0xffa0
                [0x00000400]                __EEPROM_REGION_LENGTH__ = DEFINED (__EEPROM_REGION_LENGTH__)?__EEPROM_REGION_LENGTH__:0x10000
                [0x00000002]                __FUSE_REGION_LENGTH__ = DEFINED (__FUSE_REGION_LENGTH__)?__FUSE_REGION_LENGTH__:0x400
                0x00000400                __LOCK_REGION_LENGTH__ = DEFINED (__LOCK_REGION_LENGTH__)?__LOCK_REGION_LENGTH__:0x400
                0x00000400                __SIGNATURE_REGION_LENGTH__ = DEFINED (__SIGNATURE_REGION_LENGTH__)?__SIGNATURE_REGION_LENGTH__:0x400
                0x00000400                __USER_SIGNATURE_REGION_LENGTH__ = DEFINED (__USER_SIGNATURE_REGION_LENGTH__)?__USER_SIGNATURE_REGION_LENGTH__:0x400

.hash
 *(.hash)

.dynsym
 *(.dynsym)

.dynstr
 *(.dynstr)

.gnu.version
 *(.gnu.version)

.gnu.version_d
 *(.gnu.version_d)

.gnu.version_r
 *(.gnu.version_r)

.rel.init
 *(.rel.init)

.rela.init
 *(.rela.init)

.rel.text
 *(.rel.text)
 *(.rel.text.*)
 *(.rel.gnu.linkonce.t*)

.rela.text
 *(.rela.text)
 *(.rela.text.*)
 *(.rela.gnu.linkonce.t*)

.rel.fini
 *(.rel.fini)

.rela.fini
 *(.rela.fini)

.rel.rodata
 *(.rel.rodata)
 *(.rel.rodata.*)
 *(.rel.gnu.linkonce.r*)

.rela.rodata
 *(.rela.rodata)
 *(.rela.rodata.*)
 *(.rela.gnu.linkonce.r*)

.rel.data
 *(.rel.data)
 *(.rel.data.*)
 *(.rel.gnu.linkonce.d*)

.rela.data
 *(.rela.data)
 *(.rela.data.*)
 *(.rela.gnu.linkonce.d*)

.rel.ctors
 *(.rel.ctors)

.rela.ctors
 *(.rela.ctors)

.rel.dtors
 *(.rel.dtors)

.rela.dtors
 *(.rela.dtors)

.rel.got
 *(.rel.got)

.rela.got
 *(.rela.got)

.rel.bss
 *(.rel.bss)

.rela.bss
 *(.rela.bss)

.rel.plt
 *(.rel.plt)

.rela.plt
 *(.rela.plt)

.text           0x00000000      0xc6e
 *(.vectors)
 .vectors       0x00000000       0x54 c:/program files (x86)/atmel/studio/7.0/toolchain/avr8/avr8-gnu-toolchain/bin/../lib/gcc/avr/5.4.0/../../../../avr/lib/avr5/crtatmega32.o
                0x00000000                __vector_default
                0x00000000                __vectors
 *(.vectors)
 *(.progmem.gcc*)
                0x00000054                . = ALIGN (0x2)
                0x00000054                __trampolines_start = .
 *(.trampolines)
 .trampolines   0x00000054        0x0 linker stubs
 *(.trampolines*)
                0x00000054                __trampolines_end = .
 *libprintf_flt.a:*(.progmem.data)
 *libc.a:*(.progmem.data)
 *(.progmem*)
                0x00000054                . = ALIGN (0x2)
 *(.jumptables)
 *(.jumptables*)
 *(.lowtext)
 *(.lowtext*)
                0x00000054                __ctors_start = .
 *(.ctors)
                0x00000054                __ctors_end = .
                0x00000054                __dtors_start = .
 *(.dtors)
                0x00000054                __dtors_end = .
 SORT(*)(.ctors)
 SORT(*)(.dtors)
 *(.init0)
 .init0         0x00000054        0x0 c:/program files (x86)/atmel/studio/7.0/toolchain/avr8/avr8-gnu-toolchain/bin/../lib/gcc/avr/5.4.0/../../../../avr/lib/avr5/crtatmega32.o
                0x00000054                __init
 *(.init0)
 *(.init1)
 *(.init1)
 *(.init2)
 .init2         0x00000054        0xc c:/program files (x86)/atmel/studio/7.0/toolchain/avr8/avr8-gnu-toolchain/bin/../lib/gcc/avr/5.4.0/../../../../avr/lib/avr5/crtatmega32.o
 *(.init2)
 *(.init3)
 *(.init3)
 *(.init4)
 .init4         0x00000060       0x16 c:/program files (x86)/atmel/studio/7.0/toolchain/avr8/avr8-gnu-toolchain/bin/../lib/gcc/avr/5.4.0/avr5\libgcc.a(_copy_data.o)
                0x00000060                __do_copy_data
 .init4         0x00000076       0x10 c:/program files (x86)/atmel/studio/7.0/toolchain/avr8/avr8-gnu-toolchain/bin/../lib/gcc/avr/5.4.0/avr5\libgcc.a(_clear_bss.o)
                0x00000076                __do_clear_bss
 *(.init4)
 *(.init5)
 *(.init5)
 *(.init6)
 *(.init6)
 *(.init7)
 *(.init7)
 *(.init8)
 *(.init8)
 *(.init9)
 .init9         0x00000086        0x8 c:/program files (x86)/atmel/studio/7.0/toolchain/avr8/avr8-gnu-toolchain/bin/../lib/gcc/avr/5.4.0/../../../../avr/lib/avr5/crtatmega32.o
 *(.init9)
 *(.text)
 .text          0x0000008e        0x4 c:/program files (x86)/atmel/studio/7.0/toolchain/avr8/avr8-gnu-toolchain/bin/../lib/gcc/avr/5.4.0/../../../../avr/lib/avr5/crtatmega32.o
                0x0000008e                __vector_12
                0x0000008e                __bad_interrupt
                0x0000008e                __vector_3
                0x0000008e                __vector_13
                0x0000008e                __vector_17
                0x0000008e                __vector_19
                0x0000008e                __vector_7
                0x0000008e                __vector_5
                0x0000008e                __vector_4
                0x0000008e                __vector_9
                0x0000008e                __vector_15
                0x0000008e                __vector_8
                0x0000008e                __vector_14
                0x0000008e                __vector_16
                0x0000008e                __vector_18
                0x0000008e                __vector_20
                0x00000092                . = ALIGN (0x2)
 *(.text.*)
 .text.DIO_setPinDirection
                0x00000092       0xec DIO_program.o
                0x00000092                DIO_setPinDirection
 .text.DIO_setPinValue
                0x0000017e       0xec DIO_program.o
                0x0000017e                DIO_setPinValue
 .text.EXTI_enable
                0x0000026a       0xc8 EXTI_program.o
                0x0000026a                EXTI_enable
 .text.__vector_1
                0x00000332       0x52 EXTI_program.o
                0x00000332                __vector_1
 .text.GI_enable
                0x00000384        0x8 GI_program.o
                0x00000384                GI_enable
 .text.Hbridge_init
                0x0000038c       0x3e Hbridge_prog.o
                0x0000038c                Hbridge_init
 .text.Hbridge_forward
                0x000003ca       0x3e Hbridge_prog.o
                0x000003ca                Hbridge_forward
 .text.Hbridge_Right
                0x00000408       0x3e Hbridge_prog.o
                0x00000408                Hbridge_Right
 .text.Hbridge_Left
                0x00000446       0x3e Hbridge_prog.o
                0x00000446                Hbridge_Left
 .text.Hbridge_Stop
                0x00000484       0x3e Hbridge_prog.o
                0x00000484                Hbridge_Stop
 .text.writeHalfPort
                0x000004c2       0x70 LCD_program.o
 .text.LCD_start
                0x00000532       0x48 LCD_program.o
                0x00000532                LCD_start
 .text.LCD_SendCommand
                0x0000057a       0x6c LCD_program.o
                0x0000057a                LCD_SendCommand
 .text.LCD_init
                0x000005e6       0x7e LCD_program.o
                0x000005e6                LCD_init
 .text.LCD_SendChar
                0x00000664       0x6c LCD_program.o
                0x00000664                LCD_SendChar
 .text.LCD_writeString
                0x000006d0       0x2c LCD_program.o
                0x000006d0                LCD_writeString
 .text.LCD_Clear
                0x000006fc       0x14 LCD_program.o
                0x000006fc                LCD_Clear
 .text.main     0x00000710      0x128 main.o
                0x00000710                main
 .text.Servo_RotateRight
                0x00000838       0x4c Servo_prog.o
                0x00000838                Servo_RotateRight
 .text.Servo_RotateLeft
                0x00000884       0x4c Servo_prog.o
                0x00000884                Servo_RotateLeft
 .text.Servo_Zero
                0x000008d0       0x4c Servo_prog.o
                0x000008d0                Servo_Zero
 .text.Servo_init
                0x0000091c       0x10 Servo_prog.o
                0x0000091c                Servo_init
 .text.TMR_timer0Init
                0x0000092c       0x18 TMR_program.o
                0x0000092c                TMR_timer0Init
 .text.TMR_timer0Start
                0x00000944       0x14 TMR_program.o
                0x00000944                TMR_timer0Start
 .text.__vector_10
                0x00000958       0x72 TMR_program.o
                0x00000958                __vector_10
 .text.__vector_6
                0x000009ca       0xac TMR_program.o
                0x000009ca                __vector_6
 .text.US_init  0x00000a76       0x26 US_prog.o
                0x00000a76                US_init
 .text.US_trigger
                0x00000a9c       0x2a US_prog.o
                0x00000a9c                US_trigger
 .text.__vector_2
                0x00000ac6       0xee US_prog.o
                0x00000ac6                __vector_2
 .text.__vector_11
                0x00000bb4       0x72 US_prog.o
                0x00000bb4                __vector_11
 .text.libgcc.div
                0x00000c26       0x44 c:/program files (x86)/atmel/studio/7.0/toolchain/avr8/avr8-gnu-toolchain/bin/../lib/gcc/avr/5.4.0/avr5\libgcc.a(_udivmodsi4.o)
                0x00000c26                __udivmodsi4
                0x00000c6a                . = ALIGN (0x2)
 *(.fini9)
 .fini9         0x00000c6a        0x0 c:/program files (x86)/atmel/studio/7.0/toolchain/avr8/avr8-gnu-toolchain/bin/../lib/gcc/avr/5.4.0/avr5\libgcc.a(_exit.o)
                0x00000c6a                _exit
                0x00000c6a                exit
 *(.fini9)
 *(.fini8)
 *(.fini8)
 *(.fini7)
 *(.fini7)
 *(.fini6)
 *(.fini6)
 *(.fini5)
 *(.fini5)
 *(.fini4)
 *(.fini4)
 *(.fini3)
 *(.fini3)
 *(.fini2)
 *(.fini2)
 *(.fini1)
 *(.fini1)
 *(.fini0)
 .fini0         0x00000c6a        0x4 c:/program files (x86)/atmel/studio/7.0/toolchain/avr8/avr8-gnu-toolchain/bin/../lib/gcc/avr/5.4.0/avr5\libgcc.a(_exit.o)
 *(.fini0)
                0x00000c6e                _etext = .

.data           0x00800060       0x28 load address 0x00000c6e
                0x00800060                PROVIDE (__data_start, .)
 *(.data)
 *(.data*)
 *(.gnu.linkonce.d*)
 *(.rodata)
 *(.rodata*)
 .rodata.str1.1
                0x00800060       0x28 main.o
 *(.gnu.linkonce.r*)
                0x00800088                . = ALIGN (0x2)
                0x00800088                _edata = .
                0x00800088                PROVIDE (__data_end, .)

.bss            0x00800088       0x1d
                0x00800088                PROVIDE (__bss_start, .)
 *(.bss)
 *(.bss*)
 .bss.pCallBack
                0x00800088        0x2 EXTI_program.o
 .bss.oldValue.1668
                0x0080008a        0x2 TMR_program.o
 .bss.flag.1667
                0x0080008c        0x1 TMR_program.o
 .bss.CounterValue.1669
                0x0080008d        0x2 TMR_program.o
 .bss.counter.1638
                0x0080008f        0x2 TMR_program.o
 .bss.buffer    0x00800091        0x2 TMR_program.o
                0x00800091                buffer
 .bss.TMR_ICU_offPeriod
                0x00800093        0x2 TMR_program.o
 .bss.TMR_ICU_onPeriod
                0x00800095        0x2 TMR_program.o
 .bss.TMR_Timer0_CTCpCallBack
                0x00800097        0x2 TMR_program.o
 .bss.timer_counter
                0x00800099        0x4 US_prog.o
                0x00800099                timer_counter
 .bss.rising_edge
                0x0080009d        0x1 US_prog.o
                0x0080009d                rising_edge
 .bss.sensor_status
                0x0080009e        0x1 US_prog.o
                0x0080009e                sensor_status
 .bss.object    0x0080009f        0x1 US_prog.o
                0x0080009f                object
 *(COMMON)
 COMMON         0x008000a0        0x1 Servo_prog.o
                0x008000a0                i
 COMMON         0x008000a1        0x4 US_prog.o
                0x008000a1                distance
                0x008000a5                PROVIDE (__bss_end, .)
                0x00000c6e                __data_load_start = LOADADDR (.data)
                0x00000c96                __data_load_end = (__data_load_start + SIZEOF (.data))

.noinit         0x008000a5        0x0
                [!provide]                PROVIDE (__noinit_start, .)
 *(.noinit*)
                [!provide]                PROVIDE (__noinit_end, .)
                0x008000a5                _end = .
                [!provide]                PROVIDE (__heap_start, .)

.eeprom         0x00810000        0x0
 *(.eeprom*)
                0x00810000                __eeprom_end = .

.fuse
 *(.fuse)
 *(.lfuse)
 *(.hfuse)
 *(.efuse)

.lock
 *(.lock*)

.signature
 *(.signature*)

.user_signatures
 *(.user_signatures*)

.stab
 *(.stab)

.stabstr
 *(.stabstr)

.stab.excl
 *(.stab.excl)

.stab.exclstr
 *(.stab.exclstr)

.stab.index
 *(.stab.index)

.stab.indexstr
 *(.stab.indexstr)

.comment        0x00000000       0x30
 *(.comment)
 .comment       0x00000000       0x30 DIO_program.o
                                 0x31 (size before relaxing)
 .comment       0x00000030       0x31 EXTI_program.o
 .comment       0x00000030       0x31 GI_program.o
 .comment       0x00000030       0x31 Hbridge_prog.o
 .comment       0x00000030       0x31 LCD_program.o
 .comment       0x00000030       0x31 main.o
 .comment       0x00000030       0x31 Servo_prog.o
 .comment       0x00000030       0x31 TMR_program.o
 .comment       0x00000030       0x31 US_prog.o

.note.gnu.avr.deviceinfo
                0x00000000       0x3c
 .note.gnu.avr.deviceinfo
                0x00000000       0x3c c:/program files (x86)/atmel/studio/7.0/toolchain/avr8/avr8-gnu-toolchain/bin/../lib/gcc/avr/5.4.0/../../../../avr/lib/avr5/crtatmega32.o

.note.gnu.build-id
 *(.note.gnu.build-id)

.debug
 *(.debug)

.line
 *(.line)

.debug_srcinfo
 *(.debug_srcinfo)

.debug_sfnames
 *(.debug_sfnames)

.debug_aranges  0x00000000      0x290
 *(.debug_aranges)
 .debug_aranges
                0x00000000       0x68 DIO_program.o
 .debug_aranges
                0x00000068       0x38 EXTI_program.o
 .debug_aranges
                0x000000a0       0x28 GI_program.o
 .debug_aranges
                0x000000c8       0x40 Hbridge_prog.o
 .debug_aranges
                0x00000108       0x58 LCD_program.o
 .debug_aranges
                0x00000160       0x20 main.o
 .debug_aranges
                0x00000180       0x38 Servo_prog.o
 .debug_aranges
                0x000001b8       0xa0 TMR_program.o
 .debug_aranges
                0x00000258       0x38 US_prog.o

.debug_pubnames
 *(.debug_pubnames)

.debug_info     0x00000000     0x2608
 *(.debug_info .gnu.linkonce.wi.*)
 .debug_info    0x00000000      0x4e6 c:/program files (x86)/atmel/studio/7.0/toolchain/avr8/avr8-gnu-toolchain/bin/../lib/gcc/avr/5.4.0/../../../../avr/lib/avr5/crtatmega32.o
 .debug_info    0x000004e6      0x2a5 DIO_program.o
 .debug_info    0x0000078b      0x175 EXTI_program.o
 .debug_info    0x00000900       0x8a GI_program.o
 .debug_info    0x0000098a      0x463 Hbridge_prog.o
 .debug_info    0x00000ded      0x985 LCD_program.o
 .debug_info    0x00001772      0x4a4 main.o
 .debug_info    0x00001c16      0x38c Servo_prog.o
 .debug_info    0x00001fa2      0x2f3 TMR_program.o
 .debug_info    0x00002295      0x373 US_prog.o

.debug_abbrev   0x00000000      0xd3a
 *(.debug_abbrev)
 .debug_abbrev  0x00000000      0x4a3 c:/program files (x86)/atmel/studio/7.0/toolchain/avr8/avr8-gnu-toolchain/bin/../lib/gcc/avr/5.4.0/../../../../avr/lib/avr5/crtatmega32.o
 .debug_abbrev  0x000004a3       0xbf DIO_program.o
 .debug_abbrev  0x00000562       0xd1 EXTI_program.o
 .debug_abbrev  0x00000633       0x46 GI_program.o
 .debug_abbrev  0x00000679       0x7c Hbridge_prog.o
 .debug_abbrev  0x000006f5      0x187 LCD_program.o
 .debug_abbrev  0x0000087c      0x114 main.o
 .debug_abbrev  0x00000990      0x132 Servo_prog.o
 .debug_abbrev  0x00000ac2       0xe7 TMR_program.o
 .debug_abbrev  0x00000ba9      0x191 US_prog.o

.debug_line     0x00000000     0x14f1
 *(.debug_line .debug_line.* .debug_line_end)
 .debug_line    0x00000000       0x1a c:/program files (x86)/atmel/studio/7.0/toolchain/avr8/avr8-gnu-toolchain/bin/../lib/gcc/avr/5.4.0/../../../../avr/lib/avr5/crtatmega32.o
 .debug_line    0x0000001a      0x3ee DIO_program.o
 .debug_line    0x00000408      0x1a5 EXTI_program.o
 .debug_line    0x000005ad       0x6a GI_program.o
 .debug_line    0x00000617      0x149 Hbridge_prog.o
 .debug_line    0x00000760      0x383 LCD_program.o
 .debug_line    0x00000ae3      0x28d main.o
 .debug_line    0x00000d70      0x267 Servo_prog.o
 .debug_line    0x00000fd7      0x2dc TMR_program.o
 .debug_line    0x000012b3      0x23e US_prog.o

.debug_frame    0x00000000      0x570
 *(.debug_frame)
 .debug_frame   0x00000000       0xb4 DIO_program.o
 .debug_frame   0x000000b4       0x9c EXTI_program.o
 .debug_frame   0x00000150       0x34 GI_program.o
 .debug_frame   0x00000184       0x64 Hbridge_prog.o
 .debug_frame   0x000001e8       0xc4 LCD_program.o
 .debug_frame   0x000002ac       0x24 main.o
 .debug_frame   0x000002d0       0x54 Servo_prog.o
 .debug_frame   0x00000324      0x18c TMR_program.o
 .debug_frame   0x000004b0       0xc0 US_prog.o

.debug_str      0x00000000      0x8c0
 *(.debug_str)
 .debug_str     0x00000000      0x196 c:/program files (x86)/atmel/studio/7.0/toolchain/avr8/avr8-gnu-toolchain/bin/../lib/gcc/avr/5.4.0/../../../../avr/lib/avr5/crtatmega32.o
 .debug_str     0x00000196      0x1f6 DIO_program.o
                                0x24b (size before relaxing)
 .debug_str     0x0000038c       0xf3 EXTI_program.o
                                0x233 (size before relaxing)
 .debug_str     0x0000047f       0x27 GI_program.o
                                0x15d (size before relaxing)
 .debug_str     0x000004a6       0x7e Hbridge_prog.o
                                0x1e5 (size before relaxing)
 .debug_str     0x00000524       0xfc LCD_program.o
                                0x295 (size before relaxing)
 .debug_str     0x00000620       0x64 main.o
                                0x293 (size before relaxing)
 .debug_str     0x00000684       0x12 Servo_prog.o
                                0x222 (size before relaxing)
 .debug_str     0x00000696      0x1d3 TMR_program.o
                                0x311 (size before relaxing)
 .debug_str     0x00000869       0x57 US_prog.o
                                0x2f2 (size before relaxing)

.debug_loc      0x00000000     0x12eb
 *(.debug_loc)
 .debug_loc     0x00000000      0x49f DIO_program.o
 .debug_loc     0x0000049f      0x220 EXTI_program.o
 .debug_loc     0x000006bf      0x54c LCD_program.o
 .debug_loc     0x00000c0b      0x240 main.o
 .debug_loc     0x00000e4b      0x1aa Servo_prog.o
 .debug_loc     0x00000ff5      0x12e TMR_program.o
 .debug_loc     0x00001123      0x1c8 US_prog.o

.debug_macinfo
 *(.debug_macinfo)

.debug_weaknames
 *(.debug_weaknames)

.debug_funcnames
 *(.debug_funcnames)

.debug_typenames
 *(.debug_typenames)

.debug_varnames
 *(.debug_varnames)

.debug_pubtypes
 *(.debug_pubtypes)

.debug_ranges   0x00000000      0x218
 *(.debug_ranges)
 .debug_ranges  0x00000000       0x58 DIO_program.o
 .debug_ranges  0x00000058       0x28 EXTI_program.o
 .debug_ranges  0x00000080       0x18 GI_program.o
 .debug_ranges  0x00000098       0x30 Hbridge_prog.o
 .debug_ranges  0x000000c8       0x60 LCD_program.o
 .debug_ranges  0x00000128       0x10 main.o
 .debug_ranges  0x00000138       0x28 Servo_prog.o
 .debug_ranges  0x00000160       0x90 TMR_program.o
 .debug_ranges  0x000001f0       0x28 US_prog.o

.debug_macro
 *(.debug_macro)
OUTPUT(CarProject_Test1.elf elf32-avr)
LOAD linker stubs
